// Jest Snapshot v1, https://goo.gl/fbAQLP

exports[`rendering of button renders the button  1`] = `
<button
  className="sc-bcXHqe ecOiny"
  onClick={[Function]}
>
  <div />
</button>
`;
